Archive member included because of file (symbol)

c:/users/mariem/bin/../lib/gcc/avr/4.3.3/avr5\libgcc.a(_exit.o)
                              c:/users/mariem/bin/../lib/gcc/avr/4.3.3/../../../../avr/lib/avr5/crtm32.o (exit)
c:/users/mariem/bin/../lib/gcc/avr/4.3.3/avr5\libgcc.a(_copy_data.o)
                              APP\Mainfile.o (__do_copy_data)
c:/users/mariem/bin/../lib/gcc/avr/4.3.3/avr5\libgcc.a(_clear_bss.o)
                              MCAL\EXTI\EXTI_prog.o (__do_clear_bss)
c:/users/mariem/bin/../lib/gcc/avr/4.3.3/avr5\libgcc.a(_fixunssfsi.o)
                              APP\Mainfile.o (__fixunssfsi)
c:/users/mariem/bin/../lib/gcc/avr/4.3.3/avr5\libgcc.a(_addsub_sf.o)
                              c:/users/mariem/bin/../lib/gcc/avr/4.3.3/avr5\libgcc.a(_fixunssfsi.o) (__subsf3)
c:/users/mariem/bin/../lib/gcc/avr/4.3.3/avr5\libgcc.a(_mul_sf.o)
                              APP\Mainfile.o (__mulsf3)
c:/users/mariem/bin/../lib/gcc/avr/4.3.3/avr5\libgcc.a(_gt_sf.o)
                              APP\Mainfile.o (__gtsf2)
c:/users/mariem/bin/../lib/gcc/avr/4.3.3/avr5\libgcc.a(_ge_sf.o)
                              c:/users/mariem/bin/../lib/gcc/avr/4.3.3/avr5\libgcc.a(_fixunssfsi.o) (__gesf2)
c:/users/mariem/bin/../lib/gcc/avr/4.3.3/avr5\libgcc.a(_lt_sf.o)
                              APP\Mainfile.o (__ltsf2)
c:/users/mariem/bin/../lib/gcc/avr/4.3.3/avr5\libgcc.a(_sf_to_si.o)
                              c:/users/mariem/bin/../lib/gcc/avr/4.3.3/avr5\libgcc.a(_fixunssfsi.o) (__fixsfsi)
c:/users/mariem/bin/../lib/gcc/avr/4.3.3/avr5\libgcc.a(_thenan_sf.o)
                              c:/users/mariem/bin/../lib/gcc/avr/4.3.3/avr5\libgcc.a(_addsub_sf.o) (__thenan_sf)
c:/users/mariem/bin/../lib/gcc/avr/4.3.3/avr5\libgcc.a(_prologue.o)
                              c:/users/mariem/bin/../lib/gcc/avr/4.3.3/avr5\libgcc.a(_addsub_sf.o) (__prologue_saves__)
c:/users/mariem/bin/../lib/gcc/avr/4.3.3/avr5\libgcc.a(_epilogue.o)
                              c:/users/mariem/bin/../lib/gcc/avr/4.3.3/avr5\libgcc.a(_addsub_sf.o) (__epilogue_restores__)
c:/users/mariem/bin/../lib/gcc/avr/4.3.3/avr5\libgcc.a(_pack_sf.o)
                              c:/users/mariem/bin/../lib/gcc/avr/4.3.3/avr5\libgcc.a(_addsub_sf.o) (__pack_f)
c:/users/mariem/bin/../lib/gcc/avr/4.3.3/avr5\libgcc.a(_unpack_sf.o)
                              c:/users/mariem/bin/../lib/gcc/avr/4.3.3/avr5\libgcc.a(_addsub_sf.o) (__unpack_f)
c:/users/mariem/bin/../lib/gcc/avr/4.3.3/avr5\libgcc.a(_fpcmp_parts_sf.o)
                              c:/users/mariem/bin/../lib/gcc/avr/4.3.3/avr5\libgcc.a(_gt_sf.o) (__fpcmp_parts_f)

Memory Configuration

Name             Origin             Length             Attributes
text             0x00000000         0x00020000         xr
data             0x00800060         0x0000ffa0         rw !x
eeprom           0x00810000         0x00010000         rw !x
fuse             0x00820000         0x00000400         rw !x
lock             0x00830000         0x00000400         rw !x
signature        0x00840000         0x00000400         rw !x
*default*        0x00000000         0xffffffff

Linker script and memory map

LOAD c:/users/mariem/bin/../lib/gcc/avr/4.3.3/../../../../avr/lib/avr5/crtm32.o
LOAD APP\Mainfile.o
LOAD HAL\KeyPad\KeyPad2_prog.o
LOAD HAL\LCD\LCD_prog.o
LOAD HAL\LED\LED_config.o
LOAD HAL\LED\LED_prog.o
LOAD HAL\Switch\switch_config.o
LOAD HAL\Switch\switch_prog.o
LOAD MCAL\DIO\DIO_prog.o
LOAD MCAL\EXTI\EXTI_config.o
LOAD MCAL\EXTI\EXTI_prog.o
LOAD MCAL\GIE\GIE_prog.o
LOAD c:/users/mariem/bin/../lib/gcc/avr/4.3.3/avr5\libgcc.a
LOAD c:/users/mariem/bin/../lib/gcc/avr/4.3.3/../../../../avr/lib/avr5\libc.a
LOAD c:/users/mariem/bin/../lib/gcc/avr/4.3.3/avr5\libgcc.a

.hash
 *(.hash)

.dynsym
 *(.dynsym)

.dynstr
 *(.dynstr)

.gnu.version
 *(.gnu.version)

.gnu.version_d
 *(.gnu.version_d)

.gnu.version_r
 *(.gnu.version_r)

.rel.init
 *(.rel.init)

.rela.init
 *(.rela.init)

.rel.text
 *(.rel.text)
 *(.rel.text.*)
 *(.rel.gnu.linkonce.t*)

.rela.text
 *(.rela.text)
 *(.rela.text.*)
 *(.rela.gnu.linkonce.t*)

.rel.fini
 *(.rel.fini)

.rela.fini
 *(.rela.fini)

.rel.rodata
 *(.rel.rodata)
 *(.rel.rodata.*)
 *(.rel.gnu.linkonce.r*)

.rela.rodata
 *(.rela.rodata)
 *(.rela.rodata.*)
 *(.rela.gnu.linkonce.r*)

.rel.data
 *(.rel.data)
 *(.rel.data.*)
 *(.rel.gnu.linkonce.d*)

.rela.data
 *(.rela.data)
 *(.rela.data.*)
 *(.rela.gnu.linkonce.d*)

.rel.ctors
 *(.rel.ctors)

.rela.ctors
 *(.rela.ctors)

.rel.dtors
 *(.rel.dtors)

.rela.dtors
 *(.rela.dtors)

.rel.got
 *(.rel.got)

.rela.got
 *(.rela.got)

.rel.bss
 *(.rel.bss)

.rela.bss
 *(.rela.bss)

.rel.plt
 *(.rel.plt)

.rela.plt
 *(.rela.plt)

.text           0x00000000     0x3048
 *(.vectors)
 .vectors       0x00000000       0x54 c:/users/mariem/bin/../lib/gcc/avr/4.3.3/../../../../avr/lib/avr5/crtm32.o
                0x00000000                __vectors
                0x00000000                __vector_default
 *(.vectors)
 *(.progmem.gcc*)
 *(.progmem*)
                0x00000054                . = ALIGN (0x2)
                0x00000054                __trampolines_start = .
 *(.trampolines)
 .trampolines   0x00000054        0x0 linker stubs
 *(.trampolines*)
                0x00000054                __trampolines_end = .
 *(.jumptables)
 *(.jumptables*)
 *(.lowtext)
 *(.lowtext*)
                0x00000054                __ctors_start = .
 *(.ctors)
                0x00000054                __ctors_end = .
                0x00000054                __dtors_start = .
 *(.dtors)
                0x00000054                __dtors_end = .
 SORT(*)(.ctors)
 SORT(*)(.dtors)
 *(.init0)
 .init0         0x00000054        0x0 c:/users/mariem/bin/../lib/gcc/avr/4.3.3/../../../../avr/lib/avr5/crtm32.o
                0x00000054                __init
 *(.init0)
 *(.init1)
 *(.init1)
 *(.init2)
 .init2         0x00000054        0xc c:/users/mariem/bin/../lib/gcc/avr/4.3.3/../../../../avr/lib/avr5/crtm32.o
 *(.init2)
 *(.init3)
 *(.init3)
 *(.init4)
 .init4         0x00000060       0x16 c:/users/mariem/bin/../lib/gcc/avr/4.3.3/avr5\libgcc.a(_copy_data.o)
                0x00000060                __do_copy_data
 .init4         0x00000076       0x10 c:/users/mariem/bin/../lib/gcc/avr/4.3.3/avr5\libgcc.a(_clear_bss.o)
                0x00000076                __do_clear_bss
 *(.init4)
 *(.init5)
 *(.init5)
 *(.init6)
 *(.init6)
 *(.init7)
 *(.init7)
 *(.init8)
 *(.init8)
 *(.init9)
 .init9         0x00000086        0x8 c:/users/mariem/bin/../lib/gcc/avr/4.3.3/../../../../avr/lib/avr5/crtm32.o
 *(.init9)
 *(.text)
 .text          0x0000008e        0x4 c:/users/mariem/bin/../lib/gcc/avr/4.3.3/../../../../avr/lib/avr5/crtm32.o
                0x0000008e                __vector_12
                0x0000008e                __bad_interrupt
                0x0000008e                __vector_6
                0x0000008e                __vector_11
                0x0000008e                __vector_13
                0x0000008e                __vector_17
                0x0000008e                __vector_19
                0x0000008e                __vector_7
                0x0000008e                __vector_5
                0x0000008e                __vector_4
                0x0000008e                __vector_9
                0x0000008e                __vector_15
                0x0000008e                __vector_8
                0x0000008e                __vector_14
                0x0000008e                __vector_10
                0x0000008e                __vector_16
                0x0000008e                __vector_18
                0x0000008e                __vector_20
 .text          0x00000092        0x0 APP\Mainfile.o
 .text          0x00000092        0x0 HAL\KeyPad\KeyPad2_prog.o
 .text          0x00000092        0x0 HAL\LCD\LCD_prog.o
 .text          0x00000092        0x0 HAL\LED\LED_config.o
 .text          0x00000092        0x0 HAL\LED\LED_prog.o
 .text          0x00000092        0x0 HAL\Switch\switch_config.o
 .text          0x00000092        0x0 HAL\Switch\switch_prog.o
 .text          0x00000092        0x0 MCAL\DIO\DIO_prog.o
 .text          0x00000092        0x0 MCAL\EXTI\EXTI_config.o
 .text          0x00000092        0x0 MCAL\EXTI\EXTI_prog.o
 .text          0x00000092        0x0 MCAL\GIE\GIE_prog.o
 .text          0x00000092        0x0 c:/users/mariem/bin/../lib/gcc/avr/4.3.3/avr5\libgcc.a(_exit.o)
 .text          0x00000092        0x0 c:/users/mariem/bin/../lib/gcc/avr/4.3.3/avr5\libgcc.a(_copy_data.o)
 .text          0x00000092        0x0 c:/users/mariem/bin/../lib/gcc/avr/4.3.3/avr5\libgcc.a(_clear_bss.o)
 .text          0x00000092       0x58 c:/users/mariem/bin/../lib/gcc/avr/4.3.3/avr5\libgcc.a(_fixunssfsi.o)
                0x00000092                __fixunssfsi
 .text          0x000000ea      0x354 c:/users/mariem/bin/../lib/gcc/avr/4.3.3/avr5\libgcc.a(_addsub_sf.o)
                0x00000382                __subsf3
                0x000003e4                __addsf3
 .text          0x0000043e      0x1f4 c:/users/mariem/bin/../lib/gcc/avr/4.3.3/avr5\libgcc.a(_mul_sf.o)
                0x0000043e                __mulsf3
 .text          0x00000632       0x60 c:/users/mariem/bin/../lib/gcc/avr/4.3.3/avr5\libgcc.a(_gt_sf.o)
                0x00000632                __gtsf2
 .text          0x00000692       0x60 c:/users/mariem/bin/../lib/gcc/avr/4.3.3/avr5\libgcc.a(_ge_sf.o)
                0x00000692                __gesf2
 .text          0x000006f2       0x60 c:/users/mariem/bin/../lib/gcc/avr/4.3.3/avr5\libgcc.a(_lt_sf.o)
                0x000006f2                __ltsf2
 .text          0x00000752       0xa8 c:/users/mariem/bin/../lib/gcc/avr/4.3.3/avr5\libgcc.a(_sf_to_si.o)
                0x00000752                __fixsfsi
 .text          0x000007fa        0x0 c:/users/mariem/bin/../lib/gcc/avr/4.3.3/avr5\libgcc.a(_thenan_sf.o)
 .text          0x000007fa        0x0 c:/users/mariem/bin/../lib/gcc/avr/4.3.3/avr5\libgcc.a(_prologue.o)
 .text          0x000007fa        0x0 c:/users/mariem/bin/../lib/gcc/avr/4.3.3/avr5\libgcc.a(_epilogue.o)
 .text          0x000007fa      0x1aa c:/users/mariem/bin/../lib/gcc/avr/4.3.3/avr5\libgcc.a(_pack_sf.o)
                0x000007fa                __pack_f
 .text          0x000009a4       0xf0 c:/users/mariem/bin/../lib/gcc/avr/4.3.3/avr5\libgcc.a(_unpack_sf.o)
                0x000009a4                __unpack_f
 .text          0x00000a94       0xb2 c:/users/mariem/bin/../lib/gcc/avr/4.3.3/avr5\libgcc.a(_fpcmp_parts_sf.o)
                0x00000a94                __fpcmp_parts_f
                0x00000b46                . = ALIGN (0x2)
 *(.text.*)
 .text.main     0x00000b46      0x470 APP\Mainfile.o
                0x00000b46                main
 .text.Reset    0x00000fb6       0x22 APP\Mainfile.o
                0x00000fb6                Reset
 .text.Keypad_enuInit
                0x00000fd8       0xd8 HAL\KeyPad\KeyPad2_prog.o
                0x00000fd8                Keypad_enuInit
 .text.Keypad_enuScan
                0x000010b0       0xfa HAL\KeyPad\KeyPad2_prog.o
                0x000010b0                Keypad_enuScan
 .text.LCD_enuInit
                0x000011aa      0x444 HAL\LCD\LCD_prog.o
                0x000011aa                LCD_enuInit
 .text.LCD_enuDisplayChar
                0x000015ee       0x2e HAL\LCD\LCD_prog.o
                0x000015ee                LCD_enuDisplayChar
 .text.LCD_enuSendCommand
                0x0000161c       0x2e HAL\LCD\LCD_prog.o
                0x0000161c                LCD_enuSendCommand
 .text.LCD_invoiLatch
                0x0000164a      0x2ba HAL\LCD\LCD_prog.o
 .text.LCD_invoiSendCommand
                0x00001904      0x1e0 HAL\LCD\LCD_prog.o
 .text.LCD_enuSendString
                0x00001ae4       0x60 HAL\LCD\LCD_prog.o
                0x00001ae4                LCD_enuSendString
 .text.LCD_enuSetPosition
                0x00001b44       0x58 HAL\LCD\LCD_prog.o
                0x00001b44                LCD_enuSetPosition
 .text.LED_enuInit
                0x00001b9c      0x280 HAL\LED\LED_prog.o
                0x00001b9c                LED_enuInit
 .text.LED_enuTurnON
                0x00001e1c       0x78 HAL\LED\LED_prog.o
                0x00001e1c                LED_enuTurnON
 .text.LED_enuTurnOFF
                0x00001e94       0x78 HAL\LED\LED_prog.o
                0x00001e94                LED_enuTurnOFF
 .text.Switch_enuInit
                0x00001f0c       0xec HAL\Switch\switch_prog.o
                0x00001f0c                Switch_enuInit
 .text.Switch_enuGetState
                0x00001ff8       0x5c HAL\Switch\switch_prog.o
                0x00001ff8                Switch_enuGetState
 .text.DIO_enuInit
                0x00002054       0x58 MCAL\DIO\DIO_prog.o
                0x00002054                DIO_enuInit
 .text.enuSetPortDirection
                0x000020ac       0x9a MCAL\DIO\DIO_prog.o
                0x000020ac                enuSetPortDirection
 .text.enuSetPortValue
                0x00002146       0x9a MCAL\DIO\DIO_prog.o
                0x00002146                enuSetPortValue
 .text.enuSetTogPort
                0x000021e0       0xae MCAL\DIO\DIO_prog.o
                0x000021e0                enuSetTogPort
 .text.enuGetPortValue
                0x0000228e       0xbe MCAL\DIO\DIO_prog.o
                0x0000228e                enuGetPortValue
 .text.enuSetPinDirection
                0x0000234c      0x1d8 MCAL\DIO\DIO_prog.o
                0x0000234c                enuSetPinDirection
 .text.enuSetPinValue
                0x00002524      0x1d8 MCAL\DIO\DIO_prog.o
                0x00002524                enuSetPinValue
 .text.enuSetTogPin
                0x000026fc      0x11c MCAL\DIO\DIO_prog.o
                0x000026fc                enuSetTogPin
 .text.enuGetPinValue
                0x00002818      0x13c MCAL\DIO\DIO_prog.o
                0x00002818                enuGetPinValue
 .text.EXTI_enuinit
                0x00002954      0x24e MCAL\EXTI\EXTI_prog.o
                0x00002954                EXTI_enuinit
 .text.EXTI_enuSetSenceMOde
                0x00002ba2      0x16c MCAL\EXTI\EXTI_prog.o
                0x00002ba2                EXTI_enuSetSenceMOde
 .text.EXTI_enuEnableINT
                0x00002d0e       0x62 MCAL\EXTI\EXTI_prog.o
                0x00002d0e                EXTI_enuEnableINT
 .text.EXTI_enuDisableINT
                0x00002d70       0x62 MCAL\EXTI\EXTI_prog.o
                0x00002d70                EXTI_enuDisableINT
 .text.EXTI_enuCallBack
                0x00002dd2       0x6e MCAL\EXTI\EXTI_prog.o
                0x00002dd2                EXTI_enuCallBack
 .text.__vector_1
                0x00002e40       0x6e MCAL\EXTI\EXTI_prog.o
                0x00002e40                __vector_1
 .text.__vector_2
                0x00002eae       0x6e MCAL\EXTI\EXTI_prog.o
                0x00002eae                __vector_2
 .text.__vector_3
                0x00002f1c       0x6e MCAL\EXTI\EXTI_prog.o
                0x00002f1c                __vector_3
 .text.GIE_enuEnable
                0x00002f8a       0x26 MCAL\GIE\GIE_prog.o
                0x00002f8a                GIE_enuEnable
 .text.GIE_enuDiable
                0x00002fb0       0x26 MCAL\GIE\GIE_prog.o
                0x00002fb0                GIE_enuDiable
 .text.libgcc   0x00002fd6        0x0 c:/users/mariem/bin/../lib/gcc/avr/4.3.3/avr5\libgcc.a(_exit.o)
 .text.libgcc   0x00002fd6        0x0 c:/users/mariem/bin/../lib/gcc/avr/4.3.3/avr5\libgcc.a(_copy_data.o)
 .text.libgcc   0x00002fd6        0x0 c:/users/mariem/bin/../lib/gcc/avr/4.3.3/avr5\libgcc.a(_clear_bss.o)
 .text.libgcc   0x00002fd6       0x38 c:/users/mariem/bin/../lib/gcc/avr/4.3.3/avr5\libgcc.a(_prologue.o)
                0x00002fd6                __prologue_saves__
 .text.libgcc   0x0000300e       0x36 c:/users/mariem/bin/../lib/gcc/avr/4.3.3/avr5\libgcc.a(_epilogue.o)
                0x0000300e                __epilogue_restores__
                0x00003044                . = ALIGN (0x2)
 *(.fini9)
 .fini9         0x00003044        0x0 c:/users/mariem/bin/../lib/gcc/avr/4.3.3/avr5\libgcc.a(_exit.o)
                0x00003044                exit
                0x00003044                _exit
 *(.fini9)
 *(.fini8)
 *(.fini8)
 *(.fini7)
 *(.fini7)
 *(.fini6)
 *(.fini6)
 *(.fini5)
 *(.fini5)
 *(.fini4)
 *(.fini4)
 *(.fini3)
 *(.fini3)
 *(.fini2)
 *(.fini2)
 *(.fini1)
 *(.fini1)
 *(.fini0)
 .fini0         0x00003044        0x4 c:/users/mariem/bin/../lib/gcc/avr/4.3.3/avr5\libgcc.a(_exit.o)
 *(.fini0)
                0x00003048                _etext = .

.data           0x00800060       0x64 load address 0x00003048
                0x00800060                PROVIDE (__data_start, .)
 *(.data)
 .data          0x00800060        0x0 c:/users/mariem/bin/../lib/gcc/avr/4.3.3/../../../../avr/lib/avr5/crtm32.o
 .data          0x00800060       0x1c APP\Mainfile.o
 .data          0x0080007c        0x0 HAL\KeyPad\KeyPad2_prog.o
 .data          0x0080007c        0x0 HAL\LCD\LCD_prog.o
 .data          0x0080007c        0x0 HAL\LED\LED_config.o
 .data          0x0080007c        0x0 HAL\LED\LED_prog.o
 .data          0x0080007c        0x0 HAL\Switch\switch_config.o
 .data          0x0080007c        0x0 HAL\Switch\switch_prog.o
 .data          0x0080007c        0x0 MCAL\DIO\DIO_prog.o
 .data          0x0080007c        0x0 MCAL\EXTI\EXTI_config.o
 .data          0x0080007c        0x0 MCAL\EXTI\EXTI_prog.o
 .data          0x0080007c        0x0 MCAL\GIE\GIE_prog.o
 .data          0x0080007c        0x0 c:/users/mariem/bin/../lib/gcc/avr/4.3.3/avr5\libgcc.a(_exit.o)
 .data          0x0080007c        0x0 c:/users/mariem/bin/../lib/gcc/avr/4.3.3/avr5\libgcc.a(_copy_data.o)
 .data          0x0080007c        0x0 c:/users/mariem/bin/../lib/gcc/avr/4.3.3/avr5\libgcc.a(_clear_bss.o)
 .data          0x0080007c        0x0 c:/users/mariem/bin/../lib/gcc/avr/4.3.3/avr5\libgcc.a(_fixunssfsi.o)
 .data          0x0080007c        0x0 c:/users/mariem/bin/../lib/gcc/avr/4.3.3/avr5\libgcc.a(_addsub_sf.o)
 .data          0x0080007c        0x0 c:/users/mariem/bin/../lib/gcc/avr/4.3.3/avr5\libgcc.a(_mul_sf.o)
 .data          0x0080007c        0x0 c:/users/mariem/bin/../lib/gcc/avr/4.3.3/avr5\libgcc.a(_gt_sf.o)
 .data          0x0080007c        0x0 c:/users/mariem/bin/../lib/gcc/avr/4.3.3/avr5\libgcc.a(_ge_sf.o)
 .data          0x0080007c        0x0 c:/users/mariem/bin/../lib/gcc/avr/4.3.3/avr5\libgcc.a(_lt_sf.o)
 .data          0x0080007c        0x0 c:/users/mariem/bin/../lib/gcc/avr/4.3.3/avr5\libgcc.a(_sf_to_si.o)
 .data          0x0080007c        0x8 c:/users/mariem/bin/../lib/gcc/avr/4.3.3/avr5\libgcc.a(_thenan_sf.o)
                0x0080007c                __thenan_sf
 .data          0x00800084        0x0 c:/users/mariem/bin/../lib/gcc/avr/4.3.3/avr5\libgcc.a(_prologue.o)
 .data          0x00800084        0x0 c:/users/mariem/bin/../lib/gcc/avr/4.3.3/avr5\libgcc.a(_epilogue.o)
 .data          0x00800084        0x0 c:/users/mariem/bin/../lib/gcc/avr/4.3.3/avr5\libgcc.a(_pack_sf.o)
 .data          0x00800084        0x0 c:/users/mariem/bin/../lib/gcc/avr/4.3.3/avr5\libgcc.a(_unpack_sf.o)
 .data          0x00800084        0x0 c:/users/mariem/bin/../lib/gcc/avr/4.3.3/avr5\libgcc.a(_fpcmp_parts_sf.o)
 *(.data*)
 .data.Led_AstrState
                0x00800084       0x20 HAL\LED\LED_config.o
                0x00800084                Led_AstrState
 .data.Switch_AstrSwitchState
                0x008000a4        0x9 HAL\Switch\switch_config.o
                0x008000a4                Switch_AstrSwitchState
 .data.EXTI_AstrEXTIConfig
                0x008000ad        0x6 MCAL\EXTI\EXTI_config.o
                0x008000ad                EXTI_AstrEXTIConfig
 *(.rodata)
 *(.rodata*)
 .rodata.mapped_keypad.1255
                0x008000b3       0x10 HAL\KeyPad\KeyPad2_prog.o
 *(.gnu.linkonce.d*)
                0x008000c4                . = ALIGN (0x2)
 *fill*         0x008000c3        0x1 00
                0x008000c4                _edata = .
                0x008000c4                PROVIDE (__data_end, .)

.bss            0x008000c4        0xc
                0x008000c4                PROVIDE (__bss_start, .)
 *(.bss)
 .bss           0x008000c4        0x0 c:/users/mariem/bin/../lib/gcc/avr/4.3.3/../../../../avr/lib/avr5/crtm32.o
 .bss           0x008000c4        0x0 APP\Mainfile.o
 .bss           0x008000c4        0x0 HAL\KeyPad\KeyPad2_prog.o
 .bss           0x008000c4        0x0 HAL\LCD\LCD_prog.o
 .bss           0x008000c4        0x0 HAL\LED\LED_config.o
 .bss           0x008000c4        0x0 HAL\LED\LED_prog.o
 .bss           0x008000c4        0x0 HAL\Switch\switch_config.o
 .bss           0x008000c4        0x0 HAL\Switch\switch_prog.o
 .bss           0x008000c4        0x0 MCAL\DIO\DIO_prog.o
 .bss           0x008000c4        0x0 MCAL\EXTI\EXTI_config.o
 .bss           0x008000c4        0x0 MCAL\EXTI\EXTI_prog.o
 .bss           0x008000c4        0x0 MCAL\GIE\GIE_prog.o
 .bss           0x008000c4        0x0 c:/users/mariem/bin/../lib/gcc/avr/4.3.3/avr5\libgcc.a(_exit.o)
 .bss           0x008000c4        0x0 c:/users/mariem/bin/../lib/gcc/avr/4.3.3/avr5\libgcc.a(_copy_data.o)
 .bss           0x008000c4        0x0 c:/users/mariem/bin/../lib/gcc/avr/4.3.3/avr5\libgcc.a(_clear_bss.o)
 .bss           0x008000c4        0x0 c:/users/mariem/bin/../lib/gcc/avr/4.3.3/avr5\libgcc.a(_fixunssfsi.o)
 .bss           0x008000c4        0x0 c:/users/mariem/bin/../lib/gcc/avr/4.3.3/avr5\libgcc.a(_addsub_sf.o)
 .bss           0x008000c4        0x0 c:/users/mariem/bin/../lib/gcc/avr/4.3.3/avr5\libgcc.a(_mul_sf.o)
 .bss           0x008000c4        0x0 c:/users/mariem/bin/../lib/gcc/avr/4.3.3/avr5\libgcc.a(_gt_sf.o)
 .bss           0x008000c4        0x0 c:/users/mariem/bin/../lib/gcc/avr/4.3.3/avr5\libgcc.a(_ge_sf.o)
 .bss           0x008000c4        0x0 c:/users/mariem/bin/../lib/gcc/avr/4.3.3/avr5\libgcc.a(_lt_sf.o)
 .bss           0x008000c4        0x0 c:/users/mariem/bin/../lib/gcc/avr/4.3.3/avr5\libgcc.a(_sf_to_si.o)
 .bss           0x008000c4        0x0 c:/users/mariem/bin/../lib/gcc/avr/4.3.3/avr5\libgcc.a(_thenan_sf.o)
 .bss           0x008000c4        0x0 c:/users/mariem/bin/../lib/gcc/avr/4.3.3/avr5\libgcc.a(_prologue.o)
 .bss           0x008000c4        0x0 c:/users/mariem/bin/../lib/gcc/avr/4.3.3/avr5\libgcc.a(_epilogue.o)
 .bss           0x008000c4        0x0 c:/users/mariem/bin/../lib/gcc/avr/4.3.3/avr5\libgcc.a(_pack_sf.o)
 .bss           0x008000c4        0x0 c:/users/mariem/bin/../lib/gcc/avr/4.3.3/avr5\libgcc.a(_unpack_sf.o)
 .bss           0x008000c4        0x0 c:/users/mariem/bin/../lib/gcc/avr/4.3.3/avr5\libgcc.a(_fpcmp_parts_sf.o)
 *(.bss*)
 .bss.EXTI_ApfunINTFUN
                0x008000c4        0x6 MCAL\EXTI\EXTI_prog.o
 .bss.EXTI_ApfunGenaricparameter
                0x008000ca        0x6 MCAL\EXTI\EXTI_prog.o
                0x008000ca                EXTI_ApfunGenaricparameter
 *(COMMON)
                0x008000d0                PROVIDE (__bss_end, .)
                0x00003048                __data_load_start = LOADADDR (.data)
                0x000030ac                __data_load_end = (__data_load_start + SIZEOF (.data))

.noinit         0x008000d0        0x0
                0x008000d0                PROVIDE (__noinit_start, .)
 *(.noinit*)
                0x008000d0                PROVIDE (__noinit_end, .)
                0x008000d0                _end = .
                0x008000d0                PROVIDE (__heap_start, .)

.eeprom         0x00810000        0x0
 *(.eeprom*)
                0x00810000                __eeprom_end = .

.fuse
 *(.fuse)
 *(.lfuse)
 *(.hfuse)
 *(.efuse)

.lock
 *(.lock*)

.signature
 *(.signature*)

.stab           0x00000000     0x36f0
 *(.stab)
 .stab          0x00000000      0x8a0 APP\Mainfile.o
 .stab          0x000008a0      0x4c8 HAL\KeyPad\KeyPad2_prog.o
                                0x4d4 (size before relaxing)
 .stab          0x00000d68      0xb88 HAL\LCD\LCD_prog.o
                                0xde0 (size before relaxing)
 .stab          0x000018f0      0x120 HAL\LED\LED_config.o
                                0x1ec (size before relaxing)
 .stab          0x00001a10      0x3e4 HAL\LED\LED_prog.o
                                0x4c8 (size before relaxing)
 .stab          0x00001df4      0x120 HAL\Switch\switch_config.o
                                0x1ec (size before relaxing)
 .stab          0x00001f14      0x294 HAL\Switch\switch_prog.o
                                0x360 (size before relaxing)
 .stab          0x000021a8      0x9f0 MCAL\DIO\DIO_prog.o
                                0xb58 (size before relaxing)
 .stab          0x00002b98      0x1e0 MCAL\EXTI\EXTI_config.o
                                0x1ec (size before relaxing)
 .stab          0x00002d78      0x6f0 MCAL\EXTI\EXTI_prog.o
                                0x7d4 (size before relaxing)
 .stab          0x00003468      0x288 MCAL\GIE\GIE_prog.o
                                0x294 (size before relaxing)

.stabstr        0x00000000     0x16b7
 *(.stabstr)
 .stabstr       0x00000000     0x16b7 APP\Mainfile.o

.stab.excl
 *(.stab.excl)

.stab.exclstr
 *(.stab.exclstr)

.stab.index
 *(.stab.index)

.stab.indexstr
 *(.stab.indexstr)

.comment
 *(.comment)

.debug
 *(.debug)

.line
 *(.line)

.debug_srcinfo
 *(.debug_srcinfo)

.debug_sfnames
 *(.debug_sfnames)

.debug_aranges  0x00000000      0x140
 *(.debug_aranges)
 .debug_aranges
                0x00000000       0x20 c:/users/mariem/bin/../lib/gcc/avr/4.3.3/avr5\libgcc.a(_fixunssfsi.o)
 .debug_aranges
                0x00000020       0x20 c:/users/mariem/bin/../lib/gcc/avr/4.3.3/avr5\libgcc.a(_addsub_sf.o)
 .debug_aranges
                0x00000040       0x20 c:/users/mariem/bin/../lib/gcc/avr/4.3.3/avr5\libgcc.a(_mul_sf.o)
 .debug_aranges
                0x00000060       0x20 c:/users/mariem/bin/../lib/gcc/avr/4.3.3/avr5\libgcc.a(_gt_sf.o)
 .debug_aranges
                0x00000080       0x20 c:/users/mariem/bin/../lib/gcc/avr/4.3.3/avr5\libgcc.a(_ge_sf.o)
 .debug_aranges
                0x000000a0       0x20 c:/users/mariem/bin/../lib/gcc/avr/4.3.3/avr5\libgcc.a(_lt_sf.o)
 .debug_aranges
                0x000000c0       0x20 c:/users/mariem/bin/../lib/gcc/avr/4.3.3/avr5\libgcc.a(_sf_to_si.o)
 .debug_aranges
                0x000000e0       0x20 c:/users/mariem/bin/../lib/gcc/avr/4.3.3/avr5\libgcc.a(_pack_sf.o)
 .debug_aranges
                0x00000100       0x20 c:/users/mariem/bin/../lib/gcc/avr/4.3.3/avr5\libgcc.a(_unpack_sf.o)
 .debug_aranges
                0x00000120       0x20 c:/users/mariem/bin/../lib/gcc/avr/4.3.3/avr5\libgcc.a(_fpcmp_parts_sf.o)

.debug_pubnames
                0x00000000      0x170
 *(.debug_pubnames)
 .debug_pubnames
                0x00000000       0x23 c:/users/mariem/bin/../lib/gcc/avr/4.3.3/avr5\libgcc.a(_fixunssfsi.o)
 .debug_pubnames
                0x00000023       0x2c c:/users/mariem/bin/../lib/gcc/avr/4.3.3/avr5\libgcc.a(_addsub_sf.o)
 .debug_pubnames
                0x0000004f       0x1f c:/users/mariem/bin/../lib/gcc/avr/4.3.3/avr5\libgcc.a(_mul_sf.o)
 .debug_pubnames
                0x0000006e       0x1e c:/users/mariem/bin/../lib/gcc/avr/4.3.3/avr5\libgcc.a(_gt_sf.o)
 .debug_pubnames
                0x0000008c       0x1e c:/users/mariem/bin/../lib/gcc/avr/4.3.3/avr5\libgcc.a(_ge_sf.o)
 .debug_pubnames
                0x000000aa       0x1e c:/users/mariem/bin/../lib/gcc/avr/4.3.3/avr5\libgcc.a(_lt_sf.o)
 .debug_pubnames
                0x000000c8       0x20 c:/users/mariem/bin/../lib/gcc/avr/4.3.3/avr5\libgcc.a(_sf_to_si.o)
 .debug_pubnames
                0x000000e8       0x22 c:/users/mariem/bin/../lib/gcc/avr/4.3.3/avr5\libgcc.a(_thenan_sf.o)
 .debug_pubnames
                0x0000010a       0x1f c:/users/mariem/bin/../lib/gcc/avr/4.3.3/avr5\libgcc.a(_pack_sf.o)
 .debug_pubnames
                0x00000129       0x21 c:/users/mariem/bin/../lib/gcc/avr/4.3.3/avr5\libgcc.a(_unpack_sf.o)
 .debug_pubnames
                0x0000014a       0x26 c:/users/mariem/bin/../lib/gcc/avr/4.3.3/avr5\libgcc.a(_fpcmp_parts_sf.o)

.debug_info     0x00000000     0x1c49
 *(.debug_info)
 .debug_info    0x00000000       0xb1 c:/users/mariem/bin/../lib/gcc/avr/4.3.3/avr5\libgcc.a(_fixunssfsi.o)
 .debug_info    0x000000b1      0x47a c:/users/mariem/bin/../lib/gcc/avr/4.3.3/avr5\libgcc.a(_addsub_sf.o)
 .debug_info    0x0000052b      0x485 c:/users/mariem/bin/../lib/gcc/avr/4.3.3/avr5\libgcc.a(_mul_sf.o)
 .debug_info    0x000009b0      0x27f c:/users/mariem/bin/../lib/gcc/avr/4.3.3/avr5\libgcc.a(_gt_sf.o)
 .debug_info    0x00000c2f      0x27f c:/users/mariem/bin/../lib/gcc/avr/4.3.3/avr5\libgcc.a(_ge_sf.o)
 .debug_info    0x00000eae      0x27f c:/users/mariem/bin/../lib/gcc/avr/4.3.3/avr5\libgcc.a(_lt_sf.o)
 .debug_info    0x0000112d      0x2b0 c:/users/mariem/bin/../lib/gcc/avr/4.3.3/avr5\libgcc.a(_sf_to_si.o)
 .debug_info    0x000013dd      0x12c c:/users/mariem/bin/../lib/gcc/avr/4.3.3/avr5\libgcc.a(_thenan_sf.o)
 .debug_info    0x00001509      0x2df c:/users/mariem/bin/../lib/gcc/avr/4.3.3/avr5\libgcc.a(_pack_sf.o)
 .debug_info    0x000017e8      0x251 c:/users/mariem/bin/../lib/gcc/avr/4.3.3/avr5\libgcc.a(_unpack_sf.o)
 .debug_info    0x00001a39      0x210 c:/users/mariem/bin/../lib/gcc/avr/4.3.3/avr5\libgcc.a(_fpcmp_parts_sf.o)
 *(.gnu.linkonce.wi.*)

.debug_abbrev   0x00000000      0xeeb
 *(.debug_abbrev)
 .debug_abbrev  0x00000000       0x5d c:/users/mariem/bin/../lib/gcc/avr/4.3.3/avr5\libgcc.a(_fixunssfsi.o)
 .debug_abbrev  0x0000005d      0x1ea c:/users/mariem/bin/../lib/gcc/avr/4.3.3/avr5\libgcc.a(_addsub_sf.o)
 .debug_abbrev  0x00000247      0x21b c:/users/mariem/bin/../lib/gcc/avr/4.3.3/avr5\libgcc.a(_mul_sf.o)
 .debug_abbrev  0x00000462      0x15a c:/users/mariem/bin/../lib/gcc/avr/4.3.3/avr5\libgcc.a(_gt_sf.o)
 .debug_abbrev  0x000005bc      0x15a c:/users/mariem/bin/../lib/gcc/avr/4.3.3/avr5\libgcc.a(_ge_sf.o)
 .debug_abbrev  0x00000716      0x15a c:/users/mariem/bin/../lib/gcc/avr/4.3.3/avr5\libgcc.a(_lt_sf.o)
 .debug_abbrev  0x00000870      0x17f c:/users/mariem/bin/../lib/gcc/avr/4.3.3/avr5\libgcc.a(_sf_to_si.o)
 .debug_abbrev  0x000009ef       0xad c:/users/mariem/bin/../lib/gcc/avr/4.3.3/avr5\libgcc.a(_thenan_sf.o)
 .debug_abbrev  0x00000a9c      0x1c0 c:/users/mariem/bin/../lib/gcc/avr/4.3.3/avr5\libgcc.a(_pack_sf.o)
 .debug_abbrev  0x00000c5c      0x154 c:/users/mariem/bin/../lib/gcc/avr/4.3.3/avr5\libgcc.a(_unpack_sf.o)
 .debug_abbrev  0x00000db0      0x13b c:/users/mariem/bin/../lib/gcc/avr/4.3.3/avr5\libgcc.a(_fpcmp_parts_sf.o)

.debug_line     0x00000000      0xdad
 *(.debug_line)
 .debug_line    0x00000000       0xa7 c:/users/mariem/bin/../lib/gcc/avr/4.3.3/avr5\libgcc.a(_fixunssfsi.o)
 .debug_line    0x000000a7      0x2af c:/users/mariem/bin/../lib/gcc/avr/4.3.3/avr5\libgcc.a(_addsub_sf.o)
 .debug_line    0x00000356      0x239 c:/users/mariem/bin/../lib/gcc/avr/4.3.3/avr5\libgcc.a(_mul_sf.o)
 .debug_line    0x0000058f       0xd3 c:/users/mariem/bin/../lib/gcc/avr/4.3.3/avr5\libgcc.a(_gt_sf.o)
 .debug_line    0x00000662       0xd3 c:/users/mariem/bin/../lib/gcc/avr/4.3.3/avr5\libgcc.a(_ge_sf.o)
 .debug_line    0x00000735       0xd3 c:/users/mariem/bin/../lib/gcc/avr/4.3.3/avr5\libgcc.a(_lt_sf.o)
 .debug_line    0x00000808      0x109 c:/users/mariem/bin/../lib/gcc/avr/4.3.3/avr5\libgcc.a(_sf_to_si.o)
 .debug_line    0x00000911       0x90 c:/users/mariem/bin/../lib/gcc/avr/4.3.3/avr5\libgcc.a(_thenan_sf.o)
 .debug_line    0x000009a1      0x18a c:/users/mariem/bin/../lib/gcc/avr/4.3.3/avr5\libgcc.a(_pack_sf.o)
 .debug_line    0x00000b2b      0x14b c:/users/mariem/bin/../lib/gcc/avr/4.3.3/avr5\libgcc.a(_unpack_sf.o)
 .debug_line    0x00000c76      0x137 c:/users/mariem/bin/../lib/gcc/avr/4.3.3/avr5\libgcc.a(_fpcmp_parts_sf.o)

.debug_frame    0x00000000      0x160
 *(.debug_frame)
 .debug_frame   0x00000000       0x20 c:/users/mariem/bin/../lib/gcc/avr/4.3.3/avr5\libgcc.a(_fixunssfsi.o)
 .debug_frame   0x00000020       0x40 c:/users/mariem/bin/../lib/gcc/avr/4.3.3/avr5\libgcc.a(_addsub_sf.o)
 .debug_frame   0x00000060       0x20 c:/users/mariem/bin/../lib/gcc/avr/4.3.3/avr5\libgcc.a(_mul_sf.o)
 .debug_frame   0x00000080       0x20 c:/users/mariem/bin/../lib/gcc/avr/4.3.3/avr5\libgcc.a(_gt_sf.o)
 .debug_frame   0x000000a0       0x20 c:/users/mariem/bin/../lib/gcc/avr/4.3.3/avr5\libgcc.a(_ge_sf.o)
 .debug_frame   0x000000c0       0x20 c:/users/mariem/bin/../lib/gcc/avr/4.3.3/avr5\libgcc.a(_lt_sf.o)
 .debug_frame   0x000000e0       0x20 c:/users/mariem/bin/../lib/gcc/avr/4.3.3/avr5\libgcc.a(_sf_to_si.o)
 .debug_frame   0x00000100       0x20 c:/users/mariem/bin/../lib/gcc/avr/4.3.3/avr5\libgcc.a(_pack_sf.o)
 .debug_frame   0x00000120       0x20 c:/users/mariem/bin/../lib/gcc/avr/4.3.3/avr5\libgcc.a(_unpack_sf.o)
 .debug_frame   0x00000140       0x20 c:/users/mariem/bin/../lib/gcc/avr/4.3.3/avr5\libgcc.a(_fpcmp_parts_sf.o)

.debug_str      0x00000000      0x28d
 *(.debug_str)
 .debug_str     0x00000000       0xbf c:/users/mariem/bin/../lib/gcc/avr/4.3.3/avr5\libgcc.a(_fixunssfsi.o)
                                 0xfe (size before relaxing)
 .debug_str     0x000000bf      0x14d c:/users/mariem/bin/../lib/gcc/avr/4.3.3/avr5\libgcc.a(_addsub_sf.o)
                                0x206 (size before relaxing)
 .debug_str     0x0000020c       0x27 c:/users/mariem/bin/../lib/gcc/avr/4.3.3/avr5\libgcc.a(_mul_sf.o)
                                0x1bf (size before relaxing)
 .debug_str     0x00000233        0xf c:/users/mariem/bin/../lib/gcc/avr/4.3.3/avr5\libgcc.a(_gt_sf.o)
                                0x195 (size before relaxing)
 .debug_str     0x00000242        0x8 c:/users/mariem/bin/../lib/gcc/avr/4.3.3/avr5\libgcc.a(_ge_sf.o)
                                0x195 (size before relaxing)
 .debug_str     0x0000024a        0x8 c:/users/mariem/bin/../lib/gcc/avr/4.3.3/avr5\libgcc.a(_lt_sf.o)
                                0x195 (size before relaxing)
 .debug_str     0x00000252        0xa c:/users/mariem/bin/../lib/gcc/avr/4.3.3/avr5\libgcc.a(_sf_to_si.o)
                                0x19e (size before relaxing)
 .debug_str     0x00000000      0x103 c:/users/mariem/bin/../lib/gcc/avr/4.3.3/avr5\libgcc.a(_thenan_sf.o)
 .debug_str     0x0000025c       0x16 c:/users/mariem/bin/../lib/gcc/avr/4.3.3/avr5\libgcc.a(_pack_sf.o)
                                0x19d (size before relaxing)
 .debug_str     0x00000272        0xb c:/users/mariem/bin/../lib/gcc/avr/4.3.3/avr5\libgcc.a(_unpack_sf.o)
                                0x17f (size before relaxing)
 .debug_str     0x0000027d       0x10 c:/users/mariem/bin/../lib/gcc/avr/4.3.3/avr5\libgcc.a(_fpcmp_parts_sf.o)
                                0x163 (size before relaxing)

.debug_loc      0x00000000      0x7ce
 *(.debug_loc)
 .debug_loc     0x00000000       0x34 c:/users/mariem/bin/../lib/gcc/avr/4.3.3/avr5\libgcc.a(_fixunssfsi.o)
 .debug_loc     0x00000034      0x32a c:/users/mariem/bin/../lib/gcc/avr/4.3.3/avr5\libgcc.a(_addsub_sf.o)
 .debug_loc     0x0000035e      0x104 c:/users/mariem/bin/../lib/gcc/avr/4.3.3/avr5\libgcc.a(_mul_sf.o)
 .debug_loc     0x00000462       0x3c c:/users/mariem/bin/../lib/gcc/avr/4.3.3/avr5\libgcc.a(_gt_sf.o)
 .debug_loc     0x0000049e       0x3c c:/users/mariem/bin/../lib/gcc/avr/4.3.3/avr5\libgcc.a(_ge_sf.o)
 .debug_loc     0x000004da       0x3c c:/users/mariem/bin/../lib/gcc/avr/4.3.3/avr5\libgcc.a(_lt_sf.o)
 .debug_loc     0x00000516       0x7e c:/users/mariem/bin/../lib/gcc/avr/4.3.3/avr5\libgcc.a(_sf_to_si.o)
 .debug_loc     0x00000594      0x13e c:/users/mariem/bin/../lib/gcc/avr/4.3.3/avr5\libgcc.a(_pack_sf.o)
 .debug_loc     0x000006d2       0xac c:/users/mariem/bin/../lib/gcc/avr/4.3.3/avr5\libgcc.a(_unpack_sf.o)
 .debug_loc     0x0000077e       0x50 c:/users/mariem/bin/../lib/gcc/avr/4.3.3/avr5\libgcc.a(_fpcmp_parts_sf.o)

.debug_macinfo
 *(.debug_macinfo)
OUTPUT(project.elf elf32-avr)
LOAD linker stubs

.debug_ranges   0x00000000       0x50
 .debug_ranges  0x00000000       0x50 c:/users/mariem/bin/../lib/gcc/avr/4.3.3/avr5\libgcc.a(_mul_sf.o)
