
There are no discarded input sections

Memory Configuration

Name             Origin             Length             Attributes
FLASH            0x08000000         0x00010000         xr
SRAM             0x20000000         0x00005000         rw
*default*        0x00000000         0xffffffff

Linker script and memory map

LOAD main.o
LOAD lcd.o
LOAD startup_stm32f103xb.o
LOAD Stm32_F103C6_GPIO.o

.text           0x08000000      0x974
 *(.isr_vector)
 .isr_vector    0x08000000       0x14 startup_stm32f103xb.o
                0x08000000                isr_vectors
 *(.text)
 .text          0x08000014       0x88 main.o
                0x08000014                clock_init
                0x0800003c                wait_ms
                0x08000076                main
 .text          0x0800009c      0x408 lcd.o
                0x080000d6                LCD_GPIO_init
                0x08000230                lcd_is_busy
                0x08000308                lcd_kick
                0x08000334                lcd_send_command
                0x08000378                lcd_init
                0x080003ac                lcd_send_char
                0x080003f0                lcd_send_string
                0x0800044a                lcd_set_position
                0x08000494                lcd_clear
 .text          0x080004a4       0x84 startup_stm32f103xb.o
                0x080004a4                NMI_Handler
                0x080004a4                LCD_Handler
                0x080004a4                Default_Handler
                0x080004a4                HardFault_Handler
                0x080004aa                Reset_Handler
 .text          0x08000528      0x43c Stm32_F103C6_GPIO.o
                0x08000528                Get_Bit_Location
                0x08000696                MCAL_GPIO_Init
                0x0800078e                MCAL_GPIO_DeInit
                0x08000860                MCAL_GPIO_ReadPin
                0x0800088e                MCAL_GPIO_ReadPort
                0x080008a8                MCAL_GPIO_WritePort
                0x080008c4                MCAL_GPIO_WritePin
                0x080008f2                MCAL_GPIO_TogglePin
                0x08000914                MCAL_GPIO_LockPin
 *(.rodata)
 .rodata        0x08000964        0xf main.o
                0x08000974                        . = ALIGN (0x4)
 *fill*         0x08000973        0x1 
                0x08000974                        _etext = .

.glue_7         0x08000974        0x0
 .glue_7        0x08000974        0x0 linker stubs

.glue_7t        0x08000974        0x0
 .glue_7t       0x08000974        0x0 linker stubs

.vfp11_veneer   0x08000974        0x0
 .vfp11_veneer  0x08000974        0x0 linker stubs

.v4_bx          0x08000974        0x0
 .v4_bx         0x08000974        0x0 linker stubs

.iplt           0x08000974        0x0
 .iplt          0x08000974        0x0 main.o

.rel.dyn        0x08000974        0x0
 .rel.iplt      0x08000974        0x0 main.o

.data           0x20000000        0x0 load address 0x08000974
                0x20000000                        _sdata = .
 *(.data)
 .data          0x20000000        0x0 main.o
 .data          0x20000000        0x0 lcd.o
 .data          0x20000000        0x0 startup_stm32f103xb.o
 .data          0x20000000        0x0 Stm32_F103C6_GPIO.o
                0x20000000                        . = ALIGN (0x4)
                0x20000000                        _edata = .

.igot.plt       0x20000000        0x0 load address 0x08000974
 .igot.plt      0x20000000        0x0 main.o

.bss            0x20000000        0x4 load address 0x08000974
                0x20000000                        _sbss = .
 *(.bss)
 .bss           0x20000000        0x0 main.o
 .bss           0x20000000        0x4 lcd.o
                0x20000000                PinCfg
 .bss           0x20000004        0x0 startup_stm32f103xb.o
 .bss           0x20000004        0x0 Stm32_F103C6_GPIO.o
                0x20000004                        . = ALIGN (0x4)
                0x20000004                        _ebss = .
OUTPUT(Executable.elf elf32-littlearm)
LOAD linker stubs

.comment        0x00000000       0x45
 .comment       0x00000000       0x45 main.o
                                 0x46 (size before relaxing)
 .comment       0x00000045       0x46 lcd.o
 .comment       0x00000045       0x46 startup_stm32f103xb.o
 .comment       0x00000045       0x46 Stm32_F103C6_GPIO.o

.ARM.attributes
                0x00000000       0x2e
 .ARM.attributes
                0x00000000       0x2e main.o
 .ARM.attributes
                0x0000002e       0x2e lcd.o
 .ARM.attributes
                0x0000005c       0x2e startup_stm32f103xb.o
 .ARM.attributes
                0x0000008a       0x2e Stm32_F103C6_GPIO.o
